gfx/apple/hl2d/player/t1.bmp
gfx/apple/hl2d/player/t2.bmp
gfx/apple/hl2d/player/t3.bmp
gfx/apple/hl2d/player/t4.bmp
gfx/apple/hl2d/player/ct1.bmp
gfx/apple/hl2d/player/ct2.bmp
gfx/apple/hl2d/player/ct3.bmp
gfx/apple/hl2d/player/ct4.bmp
gfx/apple/hl2d/player/t1_d1.png
gfx/apple/hl2d/player/t1_d2.png
gfx/apple/hl2d/player/t2_d1.png
gfx/apple/hl2d/player/t2_d2.png
gfx/apple/hl2d/player/t3_d1.png
gfx/apple/hl2d/player/t3_d2.png
gfx/apple/hl2d/player/t4_d1.png
gfx/apple/hl2d/player/t4_d2.png
gfx/apple/hl2d/player/ct1_d1.png
gfx/apple/hl2d/player/ct1_d2.png
gfx/apple/hl2d/player/ct2_d1.png
gfx/apple/hl2d/player/ct2_d2.png
gfx/apple/hl2d/player/ct3_d1.png
gfx/apple/hl2d/player/ct3_d2.png
gfx/apple/hl2d/player/ct4_d1.png
gfx/apple/hl2d/player/ct4_d2.png
gfx/apple/hl2d/player/bodyparts.bmp
gfx/apple/hl2d/player/legs.bmp
gfx/apple/hl2d/huds/hp.bmp
gfx/apple/hl2d/huds/energy.bmp
gfx/apple/hl2d/weapons/crowbar.bmp
gfx/apple/hl2d/weapons/crowbar_k.bmp
gfx/apple/hl2d/weapons/glock.bmp
gfx/apple/hl2d/weapons/glock_d.bmp
gfx/apple/hl2d/weapons/magnum.bmp
gfx/apple/hl2d/weapons/magnum_d.bmp
gfx/apple/hl2d/weapons/mp5.bmp
gfx/apple/hl2d/weapons/mp5_d.bmp
gfx/apple/hl2d/weapons/shotgun.bmp
gfx/apple/hl2d/weapons/shotgun_d.bmp
gfx/apple/hl2d/weapons/hornet.png
gfx/apple/hl2d/weapons/hornet_d.bmp
gfx/apple/hl2d/weapons/hornetfly.bmp
gfx/apple/hl2d/weapons/crossbow.png
gfx/apple/hl2d/weapons/crossbow_d.bmp
gfx/apple/hl2d/weapons/egon.png
gfx/apple/hl2d/weapons/egon_d.bmp
gfx/apple/hl2d/weapons/gauss.png
gfx/apple/hl2d/weapons/gauss_d.bmp
gfx/apple/hl2d/weapons/rpglauncher.png
gfx/apple/hl2d/weapons/rpglauncher_d.bmp
gfx/apple/hl2d/weapons/grenade.png
gfx/apple/hl2d/weapons/grenade_d.bmp
gfx/apple/hl2d/weapons/lasermine.png
gfx/apple/hl2d/weapons/lasermine_d.bmp
gfx/apple/hl2d/weapons/snark.png
gfx/apple/hl2d/weapons/snark_d.bmp
gfx/apple/hl2d/weapons/satchelcharge.png
gfx/apple/hl2d/weapons/uranium_ammo.bmp
gfx/apple/hl2d/weapons/mp5_clip.bmp
gfx/apple/hl2d/weapons/shotgun_ammo.bmp
gfx/apple/hl2d/weapons/crossbow_ammo.bmp
gfx/apple/hl2d/weapons/rpg_ammo.bmp
gfx/apple/hl2d/weapons/magnum_clip.bmp
gfx/apple/hl2d/weapons/medikit.bmp
gfx/apple/hl2d/weapons/jumptank.png
gfx/apple/hl2d/huds/bm_item_python.png
gfx/apple/hl2d/huds/bm_item_spas.png
gfx/apple/hl2d/huds/of_item_mp5.png
gfx/apple/hl2d/huds/bm_item_hivehand.png
gfx/apple/hl2d/huds/bm_item_crossbow.png
gfx/apple/hl2d/huds/bm_item_gauss.png
gfx/apple/hl2d/huds/bm_item_tau.png
gfx/apple/hl2d/huds/bm_item_rpg.png
gfx/apple/hl2d/huds/bm_item_hk2.png
gfx/apple/hl2d/huds/bm_item_lasermine.png
gfx/apple/hl2d/huds/bm_item_snark.png
gfx/apple/hl2d/huds/bm_item_satchel.png
gfx/apple/hl2d/huds/bm_ammo_uranium235.png
gfx/apple/hl2d/huds/bm_ammo_parabellum.png
gfx/apple/hl2d/huds/bm_ammo_buckshot.png
gfx/apple/hl2d/huds/bm_ammo_arrow.png
gfx/apple/hl2d/huds/bm_ammo_rocket.png
gfx/apple/hl2d/huds/bm_ammo_magnum.png
gfx/apple/hl2d/huds/hud_ammo.png
gfx/apple/hl2d/huds/bm_hud2_medkit.png
gfx/apple/hl2d/huds/bm_hud2_longjump.png
gfx/apple/hl2d/gunfire_sheet.png
gfx/apple/hl2d/effect/gg_line1.png
gfx/apple/hl2d/effect/gg_line2.png
gfx/apple/hl2d/effect/gg_line3.png
gfx/apple/hl2d/effect/gg_line4.png
gfx/apple/hl2d/effect/gg_line5.png
gfx/apple/hl2d/effect/gg_line6.png
gfx/apple/hl2d/effect/helix1.png
gfx/apple/1x1.png
sfx/apple/hl2d/player/pl_jump1.wav
sfx/apple/hl2d/player/pl_jump2.wav
sfx/apple/hl2d/player/pl_swim1.wav
sfx/apple/hl2d/player/pl_swim2.wav
sfx/apple/hl2d/player/pl_swim3.wav
sfx/apple/hl2d/player/pl_die.wav
sfx/apple/hl2d/player/bodydrop1.wav
sfx/apple/hl2d/player/bodydrop2.wav
sfx/apple/hl2d/player/bodysplat.wav
sfx/apple/hl2d/weapons/hks_shoot.wav
sfx/apple/hl2d/weapons/cliprelease1.wav
sfx/apple/hl2d/weapons/glock_shoot.wav
sfx/apple/hl2d/weapons/shotgun_shoot.wav
sfx/apple/hl2d/weapons/shotgun_double.wav
sfx/apple/hl2d/weapons/shotgun_cock.wav
sfx/apple/hl2d/weapons/magnum_shoot.wav
sfx/apple/hl2d/weapons/357_reload1.wav
sfx/apple/hl2d/weapons/cbar_hit.wav
sfx/apple/hl2d/weapons/cbar_hitbody.wav
sfx/apple/hl2d/weapons/ag_fire1.wav
sfx/apple/hl2d/weapons/ag_buzz1.wav
sfx/apple/hl2d/weapons/ag_hornethit.wav
sfx/apple/hl2d/weapons/xbow_fire1.wav
sfx/apple/hl2d/weapons/xbow_reload1.wav
sfx/apple/hl2d/weapons/egon_windup2.wav
sfx/apple/hl2d/weapons/egon_off1.wav
sfx/apple/hl2d/weapons/gauss2.wav
sfx/apple/hl2d/weapons/gauss_spinup.ogg
sfx/apple/hl2d/weapons/rocketfire1.wav
sfx/apple/hl2d/weapons/rocket1.wav
sfx/apple/hl2d/weapons/grenade_hit1.wav
sfx/apple/hl2d/weapons/grenade_hit2.wav
sfx/apple/hl2d/weapons/sqk_hunt1.wav
sfx/apple/hl2d/weapons/sqk_hunt2.wav
sfx/apple/hl2d/weapons/sqk_hunt3.wav
sfx/apple/hl2d/items/9mmclip1.wav
sfx/apple/hl2d/items/smallmedkit1.wav
sfx/apple/hl2d/items/medshotno1.wav
sfx/apple/hl2d/items/suitchargeno1.wav
sfx/apple/hl2d/items/medshot4.wav
sfx/apple/hl2d/items/suitchargeok1.wav
sfx/apple/hl2d/items/medcharge4.wav
sfx/apple/hl2d/items/suitcharge1.wav
sfx/apple/hl2d/items/itemspawn.ogg